
------------------------------------------------------------
Sender: LSF System <lsfadmin@hpc.dtu.dk>
Subject: Job 28323527: <jacobi_cpu> in cluster <dcc> Exited

Job <jacobi_cpu> was submitted from host <n-62-20-1> by user <nikry> in cluster <dcc> at Wed Apr 29 10:50:40 2026
Job was executed on host(s) <n-62-31-22>, in queue <hpc>, as user <nikry> in cluster <dcc> at Wed Apr 29 10:50:42 2026
</zhome/83/e/168665> was used as the home directory.
</zhome/83/e/168665/02613-SwissDwellings> was used as the working directory.
Started at Wed Apr 29 10:50:42 2026
Terminated at Wed Apr 29 10:58:05 2026
Results reported at Wed Apr 29 10:58:05 2026

Your job looked like:

------------------------------------------------------------
# LSBATCH: User input
#!/bin/bash
#BSUB -J jacobi_cpu
#BSUB -q hpc
#BSUB -n 1
#BSUB -R "span[hosts=1]"
#BSUB -R "rusage[mem=4GB]"
#BSUB -W 1:00
#BSUB -o logs/cpu_%J.out
#BSUB -e logs/cpu_%J.err
 
# === Number of floorplans to process ===
N=40
source /dtu/projects/02613_2025/conda/conda_init.sh
conda activate 02613_2026
# Run, redirect CSV to file, timing goes to stderr -> .err log
python3 -u ref_simulate.py $N > results_cpu_$LSB_JOBID.csv
------------------------------------------------------------

Exited with exit code 1.

Resource usage summary:

    CPU time :                                   441.16 sec.
    Max Memory :                                 204 MB
    Average Memory :                             180.20 MB
    Total Requested Memory :                     4096.00 MB
    Delta Memory :                               3892.00 MB
    Max Swap :                                   -
    Max Processes :                              4
    Max Threads :                                5
    Run time :                                   443 sec.
    Turnaround time :                            445 sec.

The output (if any) is above this job summary.



PS:

Read file <logs/cpu_28323527.err> for stderr output of this job.

