No GPU on this node, CUDA module not loaded
Total simulation time for 5 buildings: 7.19 seconds
Estimated full dataset runtime: 6572.02 seconds
Estimated full dataset runtime: 109.53 minutes
Estimated full dataset runtime: 1.83 hours
building_id, mean_temp, std_temp, pct_above_18, pct_below_15
10000, 14.01233878811275, 6.367431059312565, 30.941014791508444, 55.542295034537624
10009, 11.000135812436373, 5.811144379826625, 16.6712734948236, 74.9723590310584
10014, 14.744169941950119, 7.037733284673848, 38.26367541377415, 52.80837116508215
10019, 14.735524480624482, 7.030325006703675, 38.14915412864569, 52.92926826787113
10029, 10.616037322820358, 6.317331938274926, 18.25563221896085, 74.51301795448481

------------------------------------------------------------
Sender: LSF System <lsfadmin@hpc.dtu.dk>
Subject: Job 28331504: <simulation_jit> in cluster <dcc> Done

Job <simulation_jit> was submitted from host <gbarlogin1> by user <s254127> in cluster <dcc> at Thu Apr 30 22:21:09 2026
Job was executed on host(s) <n-62-12-6>, in queue <hpc>, as user <s254127> in cluster <dcc> at Thu Apr 30 22:22:40 2026
</zhome/2d/c/224431> was used as the home directory.
</zhome/2d/c/224431/final_project/task7> was used as the working directory.
Started at Thu Apr 30 22:22:40 2026
Terminated at Thu Apr 30 22:22:49 2026
Results reported at Thu Apr 30 22:22:49 2026

Your job looked like:

------------------------------------------------------------
# LSBATCH: User input
#!/bin/bash
#BSUB -J simulation_jit
#BSUB -q hpc
#BSUB -W 5
#BSUB -n 1
#BSUB -R "span[hosts=1]"
#BSUB -R "rusage[mem=2048MB]"
#BSUB -R "select[model==XeonGold6226R]"
#BSUB -o simulation_jit_%J.out
#BSUB -e simulation_jit_%J.err

source /dtu/projects/02613_2025/conda/conda_init.sh
conda activate 02613_2026

python -u simulate_jit.py 5
------------------------------------------------------------

Successfully completed.

Resource usage summary:

    CPU time :                                   9.02 sec.
    Max Memory :                                 -
    Average Memory :                             -
    Total Requested Memory :                     2048.00 MB
    Delta Memory :                               -
    Max Swap :                                   -
    Max Processes :                              -
    Max Threads :                                -
    Run time :                                   9 sec.
    Turnaround time :                            100 sec.

The output (if any) is above this job summary.



PS:

Read file <simulation_jit_28331504.err> for stderr output of this job.

